stm32f4xx_it.c:113:6:NMI_Handler	8	static
stm32f4xx_it.c:129:6:HardFault_Handler	4	static
stm32f4xx_it.c:144:6:MemManage_Handler	4	static
stm32f4xx_it.c:159:6:BusFault_Handler	4	static
stm32f4xx_it.c:174:6:UsageFault_Handler	4	static
stm32f4xx_it.c:189:6:SVC_Handler	4	static
stm32f4xx_it.c:202:6:DebugMon_Handler	4	static
stm32f4xx_it.c:215:6:PendSV_Handler	4	static
stm32f4xx_it.c:228:6:SysTick_Handler	8	static
stm32f4xx_it.c:249:6:DMA1_Stream6_IRQHandler	8	static
stm32f4xx_it.c:264:6:TIM3_IRQHandler	8	static
stm32f4xx_it.c:322:6:USART1_IRQHandler	8	static
